Ø…ï¿½ï¿½ï¿½=ï¿½ets Jul 29 2019 12:21:46

rst:0x1 (POWERON_RESET),boot:0x17 (SPI_FAST_FLASH_BOOT)
configsip: 0, SPIWP:0xee
clk_drv:0x00,q_drv:0x00,d_drv:0x00,cs0_drv:0x00,hd_drv:0x00,wp_drv:0x00
mode:DIO, clock div:2
load:0x3fff0030,len:7172
load:0x40078000,len:15532
load:0x40080400,len:4
load:0x40080404,len:3904
entry 0x40080640
[0;32mI (29) boot: ESP-IDF v5.2 2nd stage bootloader[0m
[0;32mI (29) boot: compile time Apr 17 2024 22:23:50[0m
[0;32mI (29) boot: Multicore bootloader[0m
[0;32mI (33) boot: chip revision: v3.1[0m
[0;32mI (37) boot.esp32: SPI Speed      : 40MHz[0m
[0;32mI (42) boot.esp32: SPI Mode       : DIO[0m
[0;32mI (46) boot.esp32: SPI Flash Size : 2MB[0m
[0;32mI (51) boot: Enabling RNG early entropy source...[0m
[0;32mI (56) boot: Partition Table:[0m
[0;32mI (60) boot: ## Label            Usage          Type ST Offset   Length[0m
[0;32mI (67) boot:  0 nvs              WiFi data        01 02 00009000 00006000[0m
[0;32mI (75) boot:  1 phy_init         RF data          01 01 0000f000 00001000[0m
[0;32mI (82) boot:  2 factory          factory app      00 00 00010000 00177000[0m
[0;32mI (90) boot: End of partition table[0m
[0;32mI (94) esp_image: segment 0: paddr=00010020 vaddr=3f400020 size=2984ch (170060) map[0m
[0;32mI (161) esp_image: segment 1: paddr=00039874 vaddr=3ffb0000 size=04100h ( 16640) load[0m
[0;32mI (167) esp_image: segment 2: paddr=0003d97c vaddr=40080000 size=0269ch (  9884) load[0m
[0;32mI (171) esp_image: segment 3: paddr=00040020 vaddr=400d0020 size=a4624h (673316) map[0m
[0;32mI (406) esp_image: segment 4: paddr=000e464c vaddr=4008269c size=163d8h ( 91096) load[0m
[0;32mI (454) boot: Loaded app from partition at offset 0x10000[0m
[0;32mI (454) boot: Disabling RNG early entropy source...[0m
[0;32mI (465) cpu_start: Multicore app[0m
[0;32mI (474) cpu_start: Pro cpu start user code[0m
[0;32mI (474) cpu_start: cpu freq: 160000000 Hz[0m
[0;32mI (474) cpu_start: Application information:[0m
[0;32mI (477) cpu_start: Project name:     clock-proto-1.0[0m
[0;32mI (483) cpu_start: App version:      2cab9a6-dirty[0m
[0;32mI (488) cpu_start: Compile time:     Apr 17 2024 22:23:57[0m
[0;32mI (494) cpu_start: ELF file SHA256:  c76c9005b...[0m
[0;32mI (500) cpu_start: ESP-IDF:          v5.2[0m
[0;32mI (504) cpu_start: Min chip rev:     v0.0[0m
[0;32mI (509) cpu_start: Max chip rev:     v3.99 [0m
[0;32mI (514) cpu_start: Chip rev:         v3.1[0m
[0;32mI (519) heap_init: Initializing. RAM available for dynamic allocation:[0m
[0;32mI (526) heap_init: At 3FFAE6E0 len 00001920 (6 KiB): DRAM[0m
[0;32mI (532) heap_init: At 3FFB8F80 len 00027080 (156 KiB): DRAM[0m
[0;32mI (538) heap_init: At 3FFE0440 len 00003AE0 (14 KiB): D/IRAM[0m
[0;32mI (545) heap_init: At 3FFE4350 len 0001BCB0 (111 KiB): D/IRAM[0m
[0;32mI (551) heap_init: At 40098A74 len 0000758C (29 KiB): IRAM[0m
[0;32mI (559) spi_flash: detected chip: generic[0m
[0;32mI (562) spi_flash: flash io: dio[0m
[0;33mW (566) spi_flash: Detected size(4096k) larger than the size in the binary image header(2048k). Using the size in the binary image header.[0m
[0;32mI (580) main_task: Started on CPU0[0m
[0;32mI (590) main_task: Calling app_main()[0m
[0;32mI (590) gpio: GPIO[4]| InputEn: 0| OutputEn: 1| OpenDrain: 0| Pullup: 0| Pulldown: 0| Intr:0 [0m
[0;32mI (590) sdspi_transaction: cmd=52, R1 response: command not supported[0m
[0;32mI (640) sdspi_transaction: cmd=5, R1 response: command not supported[0m
Name: GB1QT
Type: SDHC/SDXC
Speed: 20.00 MHz (limit: 20.00 MHz)
Size: 30528MB
CSD: ver=2, sector_size=512, capacity=62521344 read_bl_len=9
SSR: bus_width=1
I (700) wifi:wifi driver task: 3ffc7f40, prio:23, stack:6656, core=0
I (710) wifi:wifi firmware version: cc1dd81
I (710) wifi:wifi certification version: v7.0
I (710) wifi:config NVS flash: enabled
I (710) wifi:config nano formating: disabled
I (720) wifi:Init data frame dynamic rx buffer num: 32
I (720) wifi:Init static rx mgmt buffer num: 5
I (730) wifi:Init management short buffer num: 32
I (730) wifi:Init dynamic tx buffer num: 32
I (740) wifi:Init static rx buffer size: 1600
I (740) wifi:Init static rx buffer num: 10
I (740) wifi:Init dynamic rx buffer num: 32
[0;32mI (750) wifi_init: rx ba win: 6[0m
[0;32mI (750) wifi_init: tcpip mbox: 32[0m
[0;32mI (760) wifi_init: udp mbox: 6[0m
[0;32mI (760) wifi_init: tcp mbox: 6[0m
[0;32mI (760) wifi_init: tcp tx win: 5760[0m
[0;32mI (770) wifi_init: tcp rx win: 5760[0m
[0;32mI (770) wifi_init: tcp mss: 1440[0m
[0;32mI (770) wifi_init: WiFi IRAM OP enabled[0m
[0;32mI (780) wifi_init: WiFi RX IRAM OP enabled[0m
[0;32mI (790) phy_init: phy_version 4791,2c4672b,Dec 20 2023,16:06:06[0m
I (880) wifi:mode : sta (e4:65:b8:82:40:a0)
I (880) wifi:enable tsf
[0;32mI (880) WIFI-CONNECT: WIFI_EVENT_STA_START[0m
I (1490) wifi:new:<6,0>, old:<1,0>, ap:<255,255>, sta:<6,0>, prof:1
I (1750) wifi:state: init -> auth (b0)
I (1750) wifi:state: auth -> init (8a0)
I (1750) wifi:new:<6,0>, old:<6,0>, ap:<255,255>, sta:<6,0>, prof:1
[0;32mI (1760) WIFI-CONNECT: WIFI_EVENT_STA_DISCONNECTED[0m
ESP_ERROR_CHECK failed: esp_err_t 0xffffffff (ESP_FAIL) at 0x400d81f8
file: "./main/main.c" line 215
func: app_main
expression: wifi_connect_sta("RFG-GUEST", "RFGGuest15", 100000)

abort() was called at PC 0x4008a337 on core 0


Backtrace: 0x4008191e:0x3ffbb180 0x4008a341:0x3ffbb1a0 0x40092c91:0x3ffbb1c0 0x4008a337:0x3ffbb230 0x400d81f8:0x3ffbb260 0x401726cb:0x3ffbb280 0x4008ae4d:0x3ffbb2b0




ELF file SHA256: c76c9005b

Rebooting...
ets Jul 29 2019 12:21:46

rst:0xc (SW_CPU_RESET),boot:0x17 (SPI_FAST_FLASH_BOOT)
configsip: 0, SPIWP:0xee
clk_drv:0x00,q_drv:0x00,d_drv:0x00,cs0_drv:0x00,hd_drv:0x00,wp_drv:0x00
mode:DIO, clock div:2
load:0x3fff0030,len:7172
load:0x40078000,len:15532
load:0x40080400,len:4
load:0x40080404,len:3904
entry 0x40080640
[0;32mI (29) boot: ESP-IDF v5.2 2nd stage bootloader[0m
[0;32mI (29) boot: compile time Apr 17 2024 22:23:50[0m
[0;32mI (29) boot: Multicore bootloader[0m
[0;32mI (33) boot: chip revision: v3.1[0m
[0;32mI (37) boot.esp32: SPI Speed      : 40MHz[0m
[0;32mI (42) boot.esp32: SPI Mode       : DIO[0m
[0;32mI (46) boot.esp32: SPI Flash Size : 2MB[0m
[0;32mI (51) boot: Enabling RNG early entropy source...[0m
[0;32mI (56) boot: Partition Table:[0m
[0;32mI (60) boot: ## Label            Usage          Type ST Offset   Length[0m
[0;32mI (67) boot:  0 nvs              WiFi data        01 02 00009000 00006000[0m
[0;32mI (75) boot:  1 phy_init         RF data          01 01 0000f000 00001000[0m
[0;32mI (82) boot:  2 factory          factory app      00 00 00010000 00177000[0m
[0;32mI (90) boot: End of partition table[0m
[0;32mI (94) esp_image: segment 0: paddr=00010020 vaddr=3f400020 size=2984ch (170060) map[0m
[0;32mI (160) esp_image: segment 1: paddr=00039874 vaddr=3ffb0000 size=04100h ( 16640) load[0m
[0;32mI (167) esp_image: segment 2: paddr=0003d97c vaddr=40080000 size=0269ch (  9884) load[0m
[0;32mI (171) esp_image: segment 3: paddr=00040020 vaddr=400d0020 size=a4624h (673316) map[0m
[0;32mI (405) esp_image: segment 4: paddr=000e464c vaddr=4008269c size=163d8h ( 91096) load[0m
[0;32mI (454) boot: Loaded app from partition at offset 0x10000[0m
[0;32mI (454) boot: Disabling RNG early entropy source...[0m
[0;32mI (465) cpu_start: Multicore app[0m
[0;32mI (474) cpu_start: Pro cpu start user code[0m
[0;32mI (474) cpu_start: cpu freq: 160000000 Hz[0m
[0;32mI (474) cpu_start: Application information:[0m
[0;32mI (477) cpu_start: Project name:     clock-proto-1.0[0m
[0;32mI (483) cpu_start: App version:      2cab9a6-dirty[0m
[0;32mI (488) cpu_start: Compile time:     Apr 17 2024 22:23:57[0m
[0;32mI (494) cpu_start: ELF file SHA256:  c76c9005b...[0m
[0;32mI (500) cpu_start: ESP-IDF:          v5.2[0m
[0;32mI (504) cpu_start: Min chip rev:     v0.0[0m
[0;32mI (509) cpu_start: Max chip rev:     v3.99 [0m
[0;32mI (514) cpu_start: Chip rev:         v3.1[0m
[0;32mI (519) he